   Compiling proc-macro2 v1.0.107
   Compiling unicode-ident v1.0.24
   Compiling quote v1.0.47
    Checking pin-project-lite v0.2.17
    Checking futures-core v0.3.34
    Checking slab v0.4.12
    Checking futures-task v0.3.34
    Checking bytes v1.12.1
    Checking futures-sink v0.3.34
    Checking sdax v0.1.0 (/Users/owebeeone/limbo/sdax-wz-performance/sdax-rs/crates/sdax)
    Checking tokio v1.53.1
   Compiling syn v3.0.5
   Compiling futures-macro v0.3.34
    Checking futures-util v0.3.34
    Checking tokio-util v0.7.19
    Checking sdax-tokio v0.1.0 (/Users/owebeeone/limbo/sdax-wz-performance/sdax-rs/crates/sdax-tokio)
    Checking sdax-performance-harness v0.0.0 (/Users/owebeeone/limbo/sdax-wz-performance/sdax-rs/performance-harness)
error[E0583]: file not found for module `tokio_lifecycle`
 --> src/main.rs:4:1
  |
4 | mod tokio_lifecycle;
  | ^^^^^^^^^^^^^^^^^^^^
  |
  = help: to create the module `tokio_lifecycle`, create file "src/tokio_lifecycle.rs" or "src/tokio_lifecycle/mod.rs"
  = note: if there is a `mod tokio_lifecycle` elsewhere in the crate already, import it with `use crate::...` instead

For more information about this error, try `rustc --explain E0583`.
error: could not compile `sdax-performance-harness` (bin "sdax-performance-harness") due to 1 previous error
