   Compiling proc-macro2 v1.0.107
   Compiling quote v1.0.47
   Compiling unicode-ident v1.0.24
   Compiling pin-project-lite v0.2.17
   Compiling futures-core v0.3.34
   Compiling slab v0.4.12
   Compiling futures-task v0.3.34
   Compiling tokio v1.53.1
   Compiling futures-sink v0.3.34
   Compiling bytes v1.12.1
   Compiling sdax v0.1.0 (/home/gianni/sdax-performance-lifecycle-20260909-0358-red/crates/sdax)
   Compiling syn v3.0.5
   Compiling futures-macro v0.3.34
   Compiling futures-util v0.3.34
   Compiling tokio-util v0.7.19
   Compiling sdax-tokio v0.1.0 (/home/gianni/sdax-performance-lifecycle-20260909-0358-red/crates/sdax-tokio)
   Compiling sdax-performance-harness v0.0.0 (/home/gianni/sdax-performance-lifecycle-20260909-0358-red/performance-harness)
warning: unused import: `super::*`
  --> src/alloc.rs:65:9
   |
65 |     use super::*;
   |         ^^^^^^^^
   |
   = note: `#[warn(unused_imports)]` (part of `#[warn(unused)]`) on by default

error[E0425]: cannot find function `profile` in this scope
  --> src/alloc.rs:69:30
   |
69 |         let ((), released) = profile(|| {
   |                              ^^^^^^^ not found in this scope

error[E0425]: cannot find function `profile` in this scope
  --> src/alloc.rs:79:32
   |
79 |         let (retained, live) = profile(|| vec![9_u8; 4_096].into_boxed_slice());
   |                                ^^^^^^^ not found in this scope

error[E0609]: no field `sources` on type `tokio_lifecycle::Fault`
   --> src/tokio_lifecycle.rs:375:36
    |
375 |         assert_eq!(value.faults[0].sources, ["fixture startup source"]);
    |                                    ^^^^^^^ unknown field
    |
    = note: available fields are: `node`, `phase`, `message`

Some errors have detailed explanations: E0425, E0609.
For more information about an error, try `rustc --explain E0425`.
warning: `sdax-performance-harness` (bin "sdax-performance-harness" test) generated 1 warning
error: could not compile `sdax-performance-harness` (bin "sdax-performance-harness" test) due to 3 previous errors; 1 warning emitted
