   Compiling proc-macro2 v1.0.107
   Compiling unicode-ident v1.0.24
   Compiling quote v1.0.47
   Compiling pin-project-lite v0.2.17
   Compiling futures-core v0.3.34
   Compiling futures-task v0.3.34
   Compiling slab v0.4.12
   Compiling tokio v1.53.1
   Compiling futures-sink v0.3.34
   Compiling bytes v1.12.1
   Compiling sdax v0.1.0 (/home/gianni/sdax-performance-lifecycle-20260909-0358-red/crates/sdax)
   Compiling syn v3.0.5
   Compiling futures-macro v0.3.34
   Compiling futures-util v0.3.34
   Compiling tokio-util v0.7.19
   Compiling sdax-tokio v0.1.0 (/home/gianni/sdax-performance-lifecycle-20260909-0358-red/crates/sdax-tokio)
   Compiling sdax-performance-harness v0.0.0 (/home/gianni/sdax-performance-lifecycle-20260909-0358-red/performance-harness)
    Finished `release` profile [optimized] target(s) in 34.52s
     Running `performance-harness/target/release/sdax-performance-harness verify`
fixture verification: handwritten Tokio lifecycle comparator ok
fixture verification: graphs ok
fixture verification: normal resource release ok
fixture verification: startup failure ok
fixture verification: cleanup failure ok
fixture verification: cancellation ok
fixture verification: repeated typed components ok
fixture verification: repeated resource components cleanup ok
fixture verification: unknown recovery ok
fixture verification: stable service recovery ok
fixture verification: sequential dynamic churn ok
fixture verification: ok
